0:
1:
2:radio_photo-rd_sta_bukiko
3:sorrow_data-model_ene_ivn
4:
5:radio_photo-rd_ani_taikobura
6:radio_photo-rd_pla_starapple
7:offline_camouf_e-wsnake
8:radio_photo-rd_eqi_mic
9:sorrow_data-model_ene_gru
11:weapons-mosin
12:
13:offline_camouf_e-ndsrt
14:radio_photo-rd_mec_shago_sit
16:maintitle-layer_moss
17:radio_photo-rd_eqi_fork
18:weapons-cigar
19:radio_photo-rd_eqi_akknfe
20:radio_photo-rd_ch_bos_body
21:sv_model-ithaca
22:sv_model-kng
23:
24:radio_photo-rd_pla_hiratake
25:
26:radio_photo-rd_sta_nenryoutanku
27:maintitle-layer_snake
28:mccheck-normal
29:offline_camouf_s-rock
31:gets-normal
32:sv_model-tai
34:offline_camouf_s-fest
36:radio_photo-rd_eqi_bpunch
38:offline_camouf_s-rainbow
39:
40:
41:radio_photo-rd_eqi_calorymate
42:
43:radio_photo-rd_ch_end_chair
44:radio_photo-rd_eqi_crcdl
47:radio_photo-rd_ani_hatinosu
48:radio_photo-rd_ani_shirohebi
49:charaview-eva
50:sv_model-mushroom_b
51:radio_photo-rd_eqi_akknife
52:
53:radio_photo-rd_ani_taiwankobura
54:sv_model-scorpion
55:sv_model-twn
56:sv_model-vegetable_a
57:offline_camouf_s-mummy
58:weapons-easygun
59:radio_photo-rd_mec_gunship_up
60:radio_photo-rd_eqi_thrmg
61:offline_camouf_e-swood
62:maintitle-layer_split
63:radio_photo-rd_mec_btr
64:radio_photo-rd_ch_volkin
65:animals-hebi_c
66:radio_photo-rd_sta_punchtobira
67:weapons-coltgave_custom
68:
69:radio_photo-rd_mec_shago_stand
70:radio_photo-rd_eqi_svd
71:radio_photo-rd_ch_sorrow_vs_boss
73:radio_photo-rd_mec_ma
74:sv_model-stoner
75:radio_photo-rd_pla_mango
76:radio_photo-rd_eqi_mined
77:sv_map-standard
78:sv_model-mushroom_a
79:offline_camouf_s-eastg
80:radio_photo-rd_ani_kumo
81:radio_photo-rd_eqi_makarov
83:
84:radio_photo-rd_eqi_knife
85:sv_model-gave_custom
86:radio_photo-rd_eqi_sdv
87:
88:sv_model-tnt
89:weapons-ithaca
90:radio_photo-rd_sta_inakamachi
91:radio_photo-rd_eqi_pntzmn
93:
94:
95:weapons-dragnov
96:radio_photo-rd_eqi_fthrwr
97:sv_model-mushroom_c
98:weapons-torch
99:sv_model-dragnov
100:radio_photo-rd_eqi_bugjuice
101:
102:
103:
104:radio_photo-rd_ch_med_side_l
105:offline_camouf_e-fest
106:facepaint-mask
107:radio_photo-rd_ani_marunsyaku
108:radio_photo-rd_sta_yousai_fusa
109:radio_photo-rd_mec_barmit_gensen
110:radio_photo-rd_ani_itigoyadokugaeru
111:
112:radio_photo-rd_eqi_easygun
113:radio_photo-rd_mec_gunship_top
114:radio_photo-rd_ch_tatiana
115:
116:
117:
118:radio_photo-rd_eqi_chfgrd
119:
120:sv_model-cigar
121:radio_photo-rd_mec_surveillance
123:
124:radio_photo-rd_ani_makoru
125:radio_photo-rd_ani_ottongaeru
126:
127:
128:animals-hebi_a
129:radio_photo-rd_ch_ocelotcap
130:radio_photo-rd_ani_daiousasori
131:offline_camouf_e-chamel
132:radio_photo-rd_ani_hati
134:sorrow_data-model_ene_kgb
135:
136:offline_camouf_e-valen
137:radio_photo-rd_ch_sig_body
139:sorrow_data-model_ene_fur
140:
141:offline_camouf_e-rainbow
142:
143:
144:
145:radio_photo-rd_eqi_dattack
146:offline_camouf_s-valen
147:sv_model-mushroom_d
148:radio_photo-rd_mec_doron
149:sv_model-coltgave
150:radio-normal
151:radio_photo-rd_ani_arowana
152:radio_photo-rd_ch_sokolov
153:radio_photo-rd_mec_dshk
155:offline_camouf_s-chamel
157:sv_model-magazine
158:radio_photo-rd_pla_dokutake
159:radio_photo-rd_misc_nodata
160:radio_photo-rd_eqi_buttoncamera
163:radio_photo-rd_ani_amagaeru
164:
165:radio_photo-rd_ch_linx
166:radio_photo-rd_ch_end
167:radio_photo-rd_pla_tengutake
168:sv_model-chf_grd
169:sv_model-potato
170:sv_model-book
171:radio_photo-rd_eqi_revival
172:
173:radio_photo-rd_ani_greenpaison
174:radio_photo-rd_ani_usagi
175:radio_photo-rd_eqi_granade
176:camoufla-sneaking_vr
177:radio_photo-rd_ani_nezumi
178:radio_photo-rd_ani_kasasagi
179:
180:radio_photo-rd_ch_boss_vr
181:radio_photo-rd_mec_fp
182:animals-hebi_b
183:radio_photo-rd_ani_sangohebi
185:radio_photo-rd_eqi_frymask
186:camoufla-scientist_vr
187:
188:radio_photo-rd_eqi_ramen
190:radio_photo-rd_eqi_eshk
191:radio_photo-rd_eqi_camera
192:radio_photo-rd_ch_sokolov_bed
193:sv_model-handkerchief
194:radio_photo-rd_ch_raikov
195:radio_photo-rd_eqi_kiss_ob_death
196:camoufla-naked_vr
197:offline_camouf_s-anubis
198:
199:radio_photo-rd_ch_cam_side_l
202:radio_photo-rd_ch_gru
203:maintitle-layer_choco
206:sorrow_data-model_ene_spe
207:radio_photo-rd_ch_zro_body
208:offline_camouf_e-grenade
209:
210:
211:radio_photo-rd_ani_komori
213:sv_model-rat_capture
214:sorrow_data-model_ene_fph
215:radio_photo-rd_mec_gunship_side_r
216:
218:radio_photo-rd_ch_bos_side_r
219:sv_model-fruit_b
220:radio_photo-rd_ani_gingameaji
222:radio_photo-rd_ani_uma
224:
225:radio_photo-rd_eqi_kutuhassinki
226:radio_photo-rd_mec_shagohod
227:mcape-normal
228:radio_photo-rd_ch_med_body
229:radio_photo-rd_eqi_torch
230:radio_photo-rd_sta_yousai_keikai
231:animals-rabbit
232:
233:
234:offline_camouf_s-dododo
235:sorrow_data-model_ene_pai
236:radio_photo-rd_ch_cam_front
237:
238:radio_photo-rd_ani_hagewashi
239:radio_photo-rd_eqi_stngrd
240:
241:
242:radio_photo-rd_eqi_lanin_kunsyou
243:
244:
245:sv_model-claymore
246:radio_photo-rd_eqi_magazine
248:radio_photo-rd_ch_eve_side_l
249:radio_photo-rd_eqi_fakedeth
250:weapons-pipogun
251:
252:radio_photo-rd_eqi_sonar
253:
255:radio_photo-rd_eqi_cig_spry
256:radio_photo-rd_ch_zro_front
257:sv_model-stn_grd
258:maintitle-layer_spider
259:weapons-akm
260:mcsavebreak-normal
261:offline_camouf_s-grenade
262:maintitle-layer_rain
263:radio_photo-rd_ch_eve_side_r
265:offline_camouf_e-mummy
266:offline_camouf_e-barrac
267:
268:sv_model-smk_grd
269:radio_photo-rd_pla_hirehari
270:
271:
272:sv_model-torch
273:radio_photo-rd_ani_sunndarurityou
274:offline_camouf_e-eastg
276:camoufla-tuxedo_vr
277:memcard-saru
278:radio_photo-rd_eqi_scope
279:radio_photo-rd_ani_benimon
280:radio_photo-rd_eqi_h_c
281:radio_photo-rd_ch_eve_front
282:radio_photo-rd_eqi_littel
283:sv_model-noodle
284:radio_photo-rd_eqi_ap
285:
286:radio_photo-rd_ani_oumu
287:radio_photo-rd_mec_url
288:offline_camouf_s-wsnake
289:
291:radio_photo-rd_mec_obiekt
292:sv_model-ration
294:
295:radio_photo-rd_pla_obako
296:radio_photo-rd_mec_shago_last
298:
299:radio_photo-rd_pla_hikaritake
300:radio_photo-rd_eqi_cigar
301:
303:radio_photo-rd_ch_zro_side_r
304:
305:options-normal
306:
307:
308:radio_photo-rd_eqi_bulletbee
309:
310:
311:radio_photo-rd_eqi_tmygun
312:
313:radio_photo-rd_eqi_tnt
314:offline_camouf_s-westg
315:
317:sorrow_data-model_ene_flame
318:radio_photo-rd_mec_serchlight
319:radio_photo-rd_pla_nigahakka
320:result-normal
321:maintitle-layer_plain
322:
323:radio_photo-rd_eqi_akm
324:radio_photo-rd_eqi_claymore
325:radio_photo-rd_eqi_nvg
326:weapons-scorpion
328:
330:
332:maintitle-layer_snow
333:
334:
335:radio_photo-rd_ani_bereidesu
336:radio_photo-rd_sta_bessou
337:offline_camouf_s-klmk
338:
339:radio_photo-rd_eqi_mtndtc
340:radio_photo-rd_ani_ogani
342:
343:radio_photo-rd_ch_sig_side_r
344:
345:offline_camouf_e-btiger
346:radio_photo-rd_pla_nemuritake
347:sv_model-mushroom_e
348:maintitle-layer_tiger
350:radio_photo-rd_eqi_lfrcvr
351:sv_model-grenade
355:radio_photo-rd_ch_bos_front
356:radio_photo-rd_mec_hd
358:
359:radio_photo-rd_sta_garena_chizu
360:offline_camouf_s-btiger
361:radio_photo-rd_pla_kuzu
362:
363:weapons-knife
365:radio_photo-rd_eqi_msnngn
366:radio_photo-rd_eqi_monkey_mask
367:radio_photo-rd_pla_jackfruite
368:radio_photo-rd_ani_suzumebati
369:sv_model-bee
370:radio_photo-rd_ch_zro_side_l
371:offline_camouf_s-flower
372:camoufla-cell
373:radio_photo-rd_ch_sig_front
374:radio_photo-rd_ani_nisikihebi
375:
376:
377:
378:radio_photo-rd_ani_inu
379:
380:
381:sv_model-easygun
382:radio_photo-rd_eqi_mauser
383:sv_model-fruit_a
384:
385:
386:radio_photo-rd_ani_anakonda
387:maintitle-layer_water
388:
389:sorrow_data-model_ene_fea
390:radio_photo-rd_ani_milkhebi
391:offline_camouf_e-dododo
392:sv_model-fruit_c
393:radio_photo-rd_ch_sorrow
394:radio_photo-rd_pla_uri
395:
396:radio_photo-rd_eqi_poteto
397:radio_photo-rd_ch_med_side_r
398:sv_model-fir_grd
399:offline_camouf_e-swamp
400:
401:radio_photo-rd_sta_syokuryouko
402:radio_photo-rd_eqi_ration
403:maintitle-layer_leaf
404:
405:radio_photo-rd_sta_tekkyou
406:offline_camouf_e-klmk
407:
408:maintitle-layer_hornet
409:radio_photo-rd_eqi_saa
410:radio_photo-rd_ch_boss_saa
412:charaview-normal
413:
414:weapons-patriot
415:sv_model-patriot
416:offline_camouf_s-barrac
417:
418:radio_photo-rd_eqi_book
419:radio_photo-rd_ch_boss_fight
420:radio_photo-rd_ch_flame
421:radio_photo-rd_eqi_scorpion
422:
423:radio_photo-rd_mec_gunship_front
424:weapons-stoner
425:radio_photo-rd_ch_cam_side_r
426:offline_camouf_e-rock
427:radio_photo-rd_ch_kgb
428:radio_photo-rd_eqi_stcamouf
429:weapons-microphone
430:
431:
432:maintitle-layer_spirit
433:sv_model-fork
434:radio_photo-rd_ani_musasabi
435:radio_photo-rd_ani_shiroobi
436:
437:
438:radio_photo-rd_ch_cam_body
439:weapons-fork
440:offline_camouf_e-flower
442:radio_photo-rd_pla_shishitake
443:offline_camouf_e-anubis
445:offline_camouf_e-westg
446:
447:
449:radio_photo-rd_mec_gunship_side_l
450:radio_photo-rd_mec_mil
451:
452:weapons-handkerchief
453:radio_photo-rd_eqi_patriot
454:radio_photo-rd_eqi_band
455:
456:sv_model-knife
457:radio_photo-rd_eqi_rattrap
458:radio_photo-rd_eqi_powers
460:radio_photo-rd_eqi_enemyak
464:sv_model-mushroom_g
465:radio_photo-rd_ch_end_dead
466:sorrow_data-model_ene_wor
468:radio_photo-rd_ch_bos_side_l
469:
470:
471:offline_camouf_e-santa
472:
473:radio_photo-rd_movie_base
474:radio_photo-rd_eqi_cqcknife
475:radio_photo-rd_pla_hitoyotake
476:
478:radio_photo-rd_eqi_prasma
479:
480:
481:offline_camouf_s-swood
482:offline_camouf_s-santa
483:
485:
486:sorrow_data-model_ene_end
487:radio_photo-rd_ch_med_front
488:radio_photo-rd_ani_tuchinoko
489:sv_model-saa
490:radio_photo-rd_ani_indogabial
491:radio_photo-rd_ch_sig_side_l
492:radio_photo-rd_ani_benisuzume
493:sv_model-mushroom_f
494:
496:radio_photo-rd_ch_granin
497:
498:offline_camouf_s-swamp
499:radio_photo-rd_ch_eve_body
500:
501:
502:weapons-coltgave
503:
504:sv_model-mak
505:weapons-saa
506:radio_photo-rd_eqi_wpgrd
507:sv_model-akm
508:
509:
510:radio_photo-rd_eqi_william
511:
512:radio_photo-rd_eqi_smkgrd
513:
514:sv_model-rpv
515:radio_photo-rd_ani_kingkobura
516:radio_photo-rd_mec_mulch_engin
517:
518:offline_camouf_s-ndsrt
519:sorrow_data-model_ene_ind
520:sv_model-gav
521:sv_model-mosin
522:maintitle-layer_kyle
523:flash_back-pic0
524:radio_photo-rd_eqi_box01
527:radio_photo-rd_mec_furuton01
528:map_sv_gen-aa61ce4f
529:flash_back-pic1
530:map_sv_gen-406dd48e
531:picture_processing-pic_pro_001
532:map_sv_gen-44080553
533:radio_photo-rd_ch_med_01
535:radio_photo-rd_ch_zro_01
536:radio_photo-rd_eqi_key01
537:radio_photo-rd_misc_hipozaru01
538:map_sv_gen-c9f17727
539:radio_photo-rd_misc_gojira01
540:map_sv_gen-65461887
541:radio_photo-rd_ch_sig_01
542:map_sv_gen-31a6d457
543:radio_photo-rd_ch_eve_01
544:map_sv_gen-069a62e5
545:map_sv_gen-65bac6ae
546:flash_back-pic2
547:map_sv_gen-ebf37215
549:radio_photo-rd_mec_furuton02
550:radio_photo-rd_ch_zro_02
551:radio_photo-rd_ch_med_02
552:map_sv_gen-47acbe29
553:radio_photo-rd_eqi_box02
554:radio_photo-rd_ch_sig_02
555:radio_photo-rd_ani_kumo_2
556:radio_photo-rd_misc_hipozaru02
557:picture_processing-pic_pro_002
558:radio_photo-rd_ch_eve_02
559:radio_photo-rd_misc_gojira02
561:map_sv_gen-58626d1d
562:radio_photo-rd_eqi_key02
563:map_sv_gen-a41cf966
564:map_sv_gen-2c45fb8f
565:radio_photo-rd_eqi_box03
566:radio_photo-rd_ch_med_03
567:radio_photo-rd_ch_eve_03
568:map_sv_gen-add12434
569:radio_photo-rd_eqi_key03
570:sv_model-c3
571:radio_photo-rd_ch_zro_03
572:weapons-c3
573:map_sv_gen-cf39026a
574:radio_photo-rd_misc_gojira03
576:radio_photo-rd_misc_hipozaru03
577:radio_photo-rd_mec_furuton03
579:radio_photo-rd_ch_sig_03
580:map_sv_gen-4f866e17
581:picture_processing-pic_pro_003
582:flash_back-pic3
583:map_sv_gen-c1355fde
584:map_sv_gen-1440ed6e
585:radio_photo-rd_eqi_c3
586:map_sv_gen-dca01fba
587:map_sv_gen-1e66c973
589:radio_photo-rd_eqi_box04
590:radio_photo-rd_misc_gojira04
592:picture_processing-pic_pro_004
593:flash_back-pic4
594:radio_photo-rd_ch_eve_04
596:picture_processing-pic_pro_005
597:radio_photo-rd_misc_gojira05
598:radio_photo-rd_eqi_rgd5
599:map_sv_gen-f141711d
601:flash_back-pic5
602:flash_back-pic6
604:map_sv_gen-114d09ad
605:picture_processing-pic_pro_006
606:map_sv_gen-f7587880
607:map_sv_gen-3f6853f1
609:flash_back-pic7
611:map_sv_gen-b97d19a1
613:radio_photo-rd_eqi_rpg7
614:sv_model-rpg7
615:weapons-rpg7
616:picture_processing-pic_pro_007
617:flash_back-pic8
620:picture_processing-pic_pro_008
622:picture_processing-pic_pro_009
625:picture_processing-pic_pro_010
627:picture_processing-pic_pro_011
628:map_sv_gen-b51e6e3c
629:radio_photo-rd_mec_yf12a
630:map_sv_gen-5edca7e3
631:picture_processing-pic_pro_012
632:map_sv_gen-a50b693a
633:picture_processing-pic_pro_013
634:picture_processing-pic_pro_014
635:map_sv_gen-2b2226f3
636:radio_photo-rd_mec_vva14
637:picture_processing-pic_pro_015
638:sv_model-m16a1
639:weapons-m16a1
640:radio_photo-rd_eqi_sp_m16
641:picture_processing-pic_pro_016
642:radio_photo-rd_eqi_xm16e1
643:picture_processing-pic_pro_017
644:picture_processing-pic_pro_018
645:picture_processing-pic_pro_019
646:picture_processing-pic_pro_020
647:map_sv_gen-4d6f73e1
648:radio_photo-rd_mec_d21
649:radio_photo-rd_mec_mig21
650:picture_processing-pic_pro_021
651:map_sv_gen-d43cc5c3
652:weapons-mk22
653:picture_processing-pic_pro_022
654:radio_photo-rd_eqi_mk22
655:radio_photo-rd_eqi_sp_m22
656:sv_model-mk22
657:radio_photo-rd_mec_zu23
658:picture_processing-pic_pro_023
659:map_sv_gen-b401efdb
660:radio_photo-rd_mec_m29
661:map_sv_gen-e4471cc7
662:map_sv_gen-1ecf0522
663:map_sv_gen-4de7fd0a
664:map_sv_gen-0d858997
665:radio_photo-rd_eqi_m37
666:map_sv_gen-29cc2cda
667:map_sv_gen-cc4e01d9
668:map_sv_gen-2e6ae433
669:map_sv_gen-85fbc086
670:map_sv_gen-330f2bd4
671:map_sv_gen-872ab685
672:radio_photo-rd_eqi_45colt
673:map_sv_gen-bb1a96b8
674:map_sv_gen-cd92d2ce
675:map_sv_gen-b976d4a1
676:map_sv_gen-55820fba
677:map_sv_gen-dd27b454
678:map_sv_gen-c5e14247
679:map_sv_gen-3daa2a17
680:map_sv_gen-1c5e9356
681:map_sv_gen-bc85faf2
682:map_sv_gen-bfe54728
683:map_sv_gen-b3e033dd
684:radio_photo-rd_mec_m62
685:map_sv_gen-517147c5
686:radio_photo-rd_eqi_m63
687:map_sv_gen-69e8ae1a
688:map_sv_gen-be3e8be7
689:radio_photo-rd_eqi_adm65
690:map_sv_gen-e995ad40
691:map_sv_gen-9a30236e
692:map_sv_gen-8a9b139f
693:map_sv_gen-8a868206
694:map_sv_gen-4f85d0dc
695:map_sv_gen-53cb9036
696:map_sv_gen-cb7c3ee2
697:map_sv_gen-2a39d462
698:map_sv_gen-65760644
699:map_sv_gen-540ad23b
700:map_sv_gen-dca04802
701:map_sv_gen-6d560dfe
702:map_sv_gen-df76ddff
703:map_sv_gen-77f7d5e9
704:map_sv_gen-73eaa95d
705:map_sv_gen-d2fa5f89
706:map_sv_gen-76a9926b
707:map_sv_gen-3c12bdc8
708:radio_photo-rd_mec_mc130e
709:map_sv_gen-33f27da4
710:map_sv_gen-1959c0d5
711:map_sv_gen-4afe46b9
712:map_sv_gen-5c4e0cd5
713:map_sv_gen-19e319a0
714:map_sv_gen-cae5d932
715:map_sv_gen-188e2def
716:map_sv_gen-1a77f668
717:map_sv_gen-cb93f49f
718:map_sv_gen-7a4d0bdb
719:map_sv_gen-b372dd52
720:map_sv_gen-f016a25e
721:demo_m310_m500-m310_020_p020
722:demo_m310_m500-m500_010_p010
723:demo_m390-m390_010_p010
724:demo_m390-m390_020_p030
725:demo_m390-m390_040_p050
726:demo_m440_m450-m450_020_p020
727:demo_m440_m450-m450_040_p030
728:demo_m440_m450-m440_010_p0
729:demo_m520_m540-m540_010_p010
730:demo_m520_m540-m520_010_p010
731:map_sv_gen-d18864ee
732:demo_m560_m570-m570_010_p010
733:demo_m560_m570-m560_010_p010
734:radio_photo-rd_eqi_m1911a1_2_05
735:radio_photo-rd_eqi_m1911a1_2_07
736:radio_photo-rd_eqi_m1911a1_2_06
737:radio_photo-rd_eqi_m1911a1
738:radio_photo-rd_eqi_m1911a1_2_13
739:radio_photo-rd_eqi_m1911a1_2_11
740:radio_photo-rd_eqi_m1911a1_2_10
741:radio_photo-rd_eqi_m1911a1_2_09
742:radio_photo-rd_eqi_m1911a1_2_03
743:radio_photo-rd_eqi_m1911a1_2_01
744:radio_photo-rd_eqi_m1911a1_2_04
745:radio_photo-rd_eqi_m1911a1_2_12
746:radio_photo-rd_eqi_m1911a1_2
747:radio_photo-rd_eqi_m1911a1_2_02
748:radio_photo-rd_eqi_sp_m1911a1
749:radio_photo-rd_eqi_m1911a1_2_08
