0x00000000 // test1
0x00000080 // Infrared_non-engine_room_RTO_CALL
0x00002ca0 // Otakondeforuto_RTO
0x0002d390 // Watertight_doors_open_deck_RTO_dr501
0x00057c00 // Watertight_doors_open_deck_RTO_dr502
0x00082470 // Watertight_doors_open_deck_RTO_dr503
0x000acce0 // Watertight_doors_open_deck_RTO_CALL_dr501
0x000ad850 // Watertight_doors_open_deck_RTO_CALL_dr502
0x000ae3c0 // Watertight_doors_open_deck_RTO_CALL_dr503
0x000aef30 // RTO_deck_watertight_doors
0x000d9970 // Lifeboat_near_RTO
0x00104b60 // Nearby_RTO_step
0x0012f2b0 // Near_North_RTO_step
0x00159a20 // Body_discarded_near_where_RTO
0x00184780 // RTO_subjective_attack_enemies_on_the_second_floor_deck
0x001af160 // Elude_close_RTO
0x001d9940 // Elude_close_RTO_2
0x00204120 // Close_to_elude_the_abyss_RTO
0x0022eb30 // RTO_2F_close_attention_elude_enemy
0x00259870 // CALL_suspension_RTO
0x0025a390 // Locker_RTO_lk000
0x00285a90 // Locker_RTO_lk001
0x002b1190 // Locker_RTO_lk002
0x002dc890 // Locker_RTO_lk003
0x00307f90 // Locker_RTO_lk004
0x00333690 // Locker_RTO_lk005
0x0035ed90 // Locker_open_RTO_lk006
0x003896f0 // Locker_open_RTO_lk007
0x003b4050 // Rokkarumudeforuto_RTO_w01a
0x003deb60 // Steam_pipe_near_RTO
0x004098c0 // Footprints_RTO
0x00434b40 // Starboard_watertight_door_open_near_RTO_w01a
0x0045f990 // RTO_forward
0x004605c0 // Tore_Desuka_of're_RTO
0x0048b410 // Close_to_the_engine_room_stairs_RTO
0x0048c2e0 // RTO_trial_to_the_engine_room_near_the_stairs
0x0048d080 // Refresh_Room_RTO
0x004b7df0 // TV_talk_RTO
0x004e38c0 // Gaze_TV_RTO
0x0050f4b0 // Doors_open_RTO_refresh
0x0050fcd0 // Dimple_corridors_upstairs_RTO
0x0053ae30 // Dimple_corridors_upstairs_locker_RTO
0x00566f40 // RTO_shadow_area
0x00591690 // Doors_open_RTO_2F
0x00591eb0 // Starboard_door_open_RTO_2F_levels
0x005bc690 // Olga_prewar_RTO_2F_tight_doors_close
0x005bd630 // Olga_war_RTO_2F_tight_doors_close
0x005be270 // Watertight_doors_opened_near_Port_RTO_2F
0x005e9140 // RTO_w01c_cameras
0x00613eb0 // RTO_cameras
0x00615b70 // CALL_RTO_cameras
0x00617350 // The_third_floor_lockers_RTO
0x00642a50 // Restaurant_RTO
0x0066d790 // Dining_body_RTO
0x006987f0 // RTO_w01d_cameras
0x006c3ba0 // Warehouse_RTO
0x006eea10 // Clearing_RTO_w01d_CALL
0x006f04e0 // Clearing_RTO_w01a_CALL
0x006f1fb0 // Demon_RTO_stairs
0x0071ca20 // Demon_RTO_w01d_stairs_CALL
0x0071d940 // RTO_wheelhouse
0x007489e0 // Wheelhouse_door_open_RTO
0x00773b80 // CALL_RTO_wheelhouse_door_open
0x007743a0 // Olga_races_RTO
0x00779d10 // Olga_game_tips_RTO_CALL1
0x0077b5a0 // Olga_RTO_inescapable_battle
0x00781730 // Olga_RTO_war_no-go
0x00787490 // CALL_RTO_bloody_state
0x00788d40 // Upon_acquisition_RTO_USP_CALL
0x0078aaa0 // Olga_wanted_dead_or_shot_RTO
0x0078b3d0 // On_the_mast_RTO
0x007b5da0 // Infrared_engine_room_RTO
0x007e3bf0 // Infrared_Non_RTO_engine_room
0x00810650 // CALL_infrared_RTO_engine_room
0x00817dd0 // Otakondeforuto_RTO_w02a
0x00842f00 // Aya_Rei_Amata_area_RTO_w02a_chatter
0x0086db30 // Locker_RTO_w02a_lk001
0x00899230 // Locker_RTO_w02a_lk002
0x008c4930 // Locker_RTO_w02a_lk003
0x008f0030 // Locker_open_RTO_w02a_lk004
0x0091a990 // Locker_RTO_w02a_lk011
0x00946090 // Locker_RTO_w02a_lk012
0x00971790 // Locker_open_RTO_w02a_lk013
0x0099c0f0 // Olga_RTO_have_scattered_areas
0x009c7000 // RTO_top_mast
0x009f19c0 // Watertight_doors_open_RTO_w03a_dr000
0x00a1c1a0 // Watertight_doors_open_RTO_w03a_dr100
0x00a46980 // Watertight_doors_open_RTO_w03a_dr200
0x00a71160 // Watertight_doors_open_RTO_w03a_dr300
0x00a9b930 // Watertight_doors_open_RTO_w03a_dr301
0x00ac6100 // Watertight_doors_open_RTO_w03a_dr302
0x00af08d0 // Watertight_doors_open_RTO_w03b_dr000
0x00b1b0c0 // Watertight_doors_open_RTO_w03b_dr001
0x00b458b0 // Watertight_doors_open_RTO_w03b_dr100
0x00b700a0 // RTO_hold_events
0x00b7dc70 // RTO_hold_door_lock
0x00b867a0 // Sound_floor_RTO
0x00b8f9f0 // RTO_ladder
0x00b98a30 // RTO_floor_ladder_ring
0x00ba2490 // Hatch_RTO_hold_ground
0x00bab070 // Projector_RTO
0x00bb56d0 // RTO_hold_ground
0x00bbe390 // Facsimile_machine_RTO
0x00bcd910 // Soldiers_hold_RTO_TV
0x00bdc2e0 // Under_Paul_RTO
0x00be9e00 // On_the_pole_RTO
0x00bf7a20 // Opening_RTO_00b1R_radio_demo
0x00bfc1d0 // Free_trial_after_the_appearance_of_radio_RTO_03b1R_Kamov
0x00bfd750 // RTO_04a0R_radio_wheelhouse_demo
0x00bffe30 // After_the_victory_over_Olga_RTO_06b1R_radio_demo
0x00c01340 // After_the_appearance_of_retail_RTO_03b1R_Kamov_radio_demo
0x00c041f0 // RTO_06b1R_1_after_the_victory_over_Olga_radio_demo
0x00c09ca0 // Radio_free_hold_RTO_09b1R_1
0x00c0b740 // RTO_10b1R_2_radios_hold_demo
0x00c12720 // RTO_vc050101
0x00c15270 // RTO_vc050204
0x00c17600 // RTO_vc050301
0x00c18b70 // RTO_vc050401
0x00c1b250 // RTO_vc050302
0x00c1e100 // RTO_vc080101
0x00c1f610 // RTO_vc080201
0x00c23700 // RTO_vc080301
0x00c251a0 // RTO_vc080401
0x00c26aa0 // RTO_vc080402
0x00c276e0 // Default_RTS_SAVE
0x00c39810 // Start_image_determination
0x00c45ba0 // PHONE_fire
0x00c46000 // PHONE_sea_lice
0x00c463d0 // PHONE_mine
0x00c46670 // Remote_control_shortcuts_PHONE
0x00c46e60 // Damiu_cheeks_RPD_P
0x00c47250 // Dummy_Cameras_RPD_P_face_Tankaotakon
0x00c47510 // Dummy_Cameras_RPD_P_face_Tankasuneku
0x00c477d0 // Dummy_Cameras_RPD_P_face_Leyden
0x00c47ba0 // Dummy_Cameras_RPD_P_face_diving_Leiden
0x00c48090 // Leiden_Dummy_Cameras_RPD_P_naked_face
0x00c48530 // Leiden_Dummy_Cameras_RPD_P_face_without_a_mask_soldier_Goruruko
0x00c48910 // Dummy_Cameras_RPD_P_face_masked_men_in_Leiden_Goruruko
0x00c48ce0 // Dummy_Cameras_RPD_P_face_Oosa
0x00c49bc0 // Oosa_Dummy_Cameras_RPD_P_look_right
0x00c49fa0 // Oosa_Dummy_Cameras_RPD_P_left_face
0x00c4a380 // Oosa_Dummy_RPD_P_face_behind_the_camera
0x00c4a760 // Oosa_Dummy_Cameras_RPD_P_front_face
0x00c4ab40 // Oosa_Dummy_Cameras_RPD_P_face_Aori
0x00c4af20 // Oosa_Dummy_Cameras_RPD_P_look-up
0x00c4b300 // Oosa_Dummy_Cameras_Bug_RPD_P_look_right
0x00c4b6f0 // Oosa_Dummy_Cameras_Bug_RPD_P_face_left
0x00c4bae0 // Oosa_Dummy_Cameras_Bug_RPD_P_look_back
0x00c4bed0 // Oosa_Dummy_Cameras_Bug_RPD_P_front_face
0x00c4c2c0 // Dummy_Cameras_RPD_P_face_Oosa_Aori_bug
0x00c4c6b0 // Dummy_Cameras_RPD_P_face_Oosa_Up_Bug
0x00c4caa0 // Dummy_Cameras_RPD_P_Rose_Face
0x00c4cd50 // Dummy_Cameras_RPD_P_face_Purisukin
0x00c4cff0 // Dummy_Cameras_RPD_P_Snake_Face
0x00c4d2b0 // Dummy_Cameras_RPD_P_Snake_face_shave
0x00c4d550 // Dummy_Cameras_RPD_P_face_Peter
0x00c4d810 // Dummy_Cameras_RPD_P_face_Otakon
0x00c4dae0 // Dummy_Cameras_RPD_P_ninja_face
0x00c4de90 // Olga_Dummy_Cameras_RPD_P_face
0x00c4e170 // Ames_Dummy_Cameras_RPD_P_face
0x00c4e410 // President_Dummy_Cameras_RPD_P_face
0x00c4e850 // Emma_Dummy_Cameras_RPD_P_face
0x00c4eb80 // Dummy_cameras_face_the_player_RPD_P_Emma
0x00c4ef70 // Opening_Infiltration_wireless_demo_RPD_P001_02_R01_1_2
0x00c545a0 // Opening_Infiltration_RPD_P001_04_R02_2_4_wireless_demo
0x00c55650 // Wireless_connection_free_RPD_P002_02_R01_A_1_2_bottom_leg_hatch
0x00c576e0 // Radio_free_lift_rise_RPD_P003_02_R02_1_Snake_2
0x00c5d450 // First_radio_demonstration_connected_two_nodes_RPD_P004_02_R01_1
0x00c670e0 // RPD_P005_03_R01_1_3_wireless_demo_Leiden_rise_elevators
0x00c68cf0 // Radio_free_lift_rise_RPD_P005_05_R02_2_5_Leiden
0x00c697c0 // Wireless_Mesh_Demonstration_RPD_P006_01_R01_A_1_Leg_1
0x00c6cbd0 // A_wireless_node_before_the_demonstration_RPD_P007_01_R01_A_leg_1_1
0x00c6def0 // Bridge_to_a_radio_demo_RPD_P008_01_R01_AB_1_1
0x00c72890 // Cypher_encounters_a_wireless_demo_RPD_P009_01_R01_1_1
0x00c76cc0 // Vamp_Radio_4_demo_RPD_P010_04_R01_encounter_1_1
0x00c78500 // Wireless_Bridges_RPD_P011_01_R01_BC_CALL1_1_demo
0x00c7bf90 // Encounter_2_Demo_Fortune_Wireless_RPD_P012_02_R01_1
0x00c835b0 // Radio_free_radio_RPD_P013_01_R01_1_1_Leiden_crisis
0x00c86670 // Wireless_demo_encounter_RPD_P014_05_R01_1_Peter_5
0x00c8a6a0 // One_of_the_first_wireless_demonstration_RPD_P015_01_R1_1_1_demolition_bomb
0x00c8e1e0 // Dismantling_a_radio_demo_RPD_P016_01_R1_1_half_demolition_bomb
0x00c919a0 // Rose_RPD_P017_01_R01_1_1_radio_demonstration_bomb_being_dismantled
0x00c94330 // Rose_RPD_P018_01_R01_1_2_wireless_demo_bomb_being_dismantled
0x00c97840 // Rose_RPD_P019_01_R01_1_3_wireless_demo_bomb_being_dismantled
0x00c9c790 // Mines_a_radio_demo_RPD_P020_01_R01_1
0x00c9e870 // Mines_a_radio_demo_RPD_P020_01_R01_1_2
0x00ca0a80 // Olga_appeared_in_two_radio_RPD_P021_02_R01_1_demo_demolition_bomb
0x00ca2c50 // RPD_P022_01_R01_1_second_from_the_last_one_wireless_demo_demolition_bomb
0x00cad1b0 // One_last_one_RPD_P023_01_R01_1_radio_demo_demolition_bomb
0x00cb2240 // Wireless_sensor_demo_demolition_bomb_RPD_P024_01_R01_B_1_Get_1
0x00cb5ce0 // Under_a_wireless_demo_RPD_P025_01_R01_1_bomb_lift_demolition
0x00cb8b40 // Demolition_bomb_down_the_elevator_RPD_P025_01_R01_1
0x00cbbe20 // Ending_a_radio_demo_demolition_bombs_RPD_P026_01_R01_1
0x00cbf100 // Demonstration_Hall_elevator_RPD_P027_01_R01_1_radio_after_breaking_a_bomb
0x00cc3940 // Fortune_demo_wireless_radio_during_the_war_RPD_P030_01_R01_1
0x00cc5fb0 // Dismantling_a_radio_demo_ends_RPD_P035_01_R01_1_Fat_Bomb
0x00cc8ae0 // Fat_Man_bomb_dismantling_a_radio_demo_ends_RPD_P035_01_R01_1_2
0x00ccde00 // Radio_3_demo_ninja_appeared_RPD_P036_03_R01_1
0x00cd1ee0 // Wireless_demo_ninja_appeared_RPD_P036_08_R02_2_8
0x00cd4180 // 10_radio_appearance_RPD_P036_10_R03_3_demo_ninja
0x00cd5890 // 13_radio_demo_ninja_appeared_RPD_P036_13_R04_4
0x00cd8e30 // Snake_body_of_a_radio_demo_RPD_P037_01_R01_1
0x00cdc2f0 // Ames_found_the_wireless_demonstration_RPD_P040_02_R02_1_2
0x00ce3520 // Ames_found_the_wireless_demonstration_RPD_P040_06_R02_6_2_1
0x00ce8a90 // Ames_found_the_wireless_demonstration_RPD_P040_06_R02_6_2_2
0x00cea430 // Ames_demonstrations_after_the_death_of_two_radio_RPD_P041_02_R01_1
0x00ceef70 // Wireless_Bridges_demonstration_RPD_P042_01_R01_1_2_1_1_Shell_Shell
0x00cf1f80 // A_clear_demonstration_RPD_P044_01_R01_1_wireless_infrared_sensor
0x00cf6260 // A_clear_demonstration_RPD_P044_01_R01_wireless_infrared_sensor_1_2
0x00cfaf60 // Harrier_Demo_RPD_P046_02_R01_1_1_victory_over_two_radio
0x00d02580 // Harrier_Demo_RPD_P046_02_R01_victory_over_two_radio_1_2
0x00d07d80 // Olga_in_bed_before_5_RPD_P047_05_R01_1_radio_shock_demo
0x00d0ba00 // RPD_P049_02_R01_1_2_presidential_radio_demo
0x00d12a90 // 5_presidential_radio_RPD_P049_02_R01_2_Demo
0x00d178f0 // Demo_presidential_radio_RPD_P049_08_R03_3_8
0x00d1def0 // 10_RPD_P049_10_R04_4_presidential_radio_demo
0x00d23d40 // 12_RPD_P049_12_R05_5_presidential_radio_demo
0x00d29270 // Satoshi_Hitoshi_RPD_P050_01_R01_1_Part_1_radio_tanker_demo
0x00d2dc30 // Satoshi_Hitoshi_RPD_P050_04_R02_2_Demo_Part_4_radio_tanker
0x00d2f730 // Satoshi_Hitoshi_RPD_P050_06_R03_3_Demo_Part_6_radio_tanker
0x00d32a80 // Otakon_RPD_P051_01_R01_1_1_Emma_and_radio_demo
0x00d3d5d0 // Emma_and_a_radio_demo_RPD_P051_01_R01_Otakon_1_2
0x00d40070 // Radio_1_radio_demonstration_Rose_RPD_P052_01_R01_1
0x00d45600 // Breathing_a_radio_demo_RPD_P053_01_R01_1
0x00d4af30 // Exit_2_demo_game_radio_RPD_P057_02_R01_1_Vamp
0x00d4c990 // Exit_2_demo_game_radio_RPD_P057_02_R01_1_2_Vamp
0x00d4fb50 // Emma_radio_rescue_demonstration_RPD_P058_02_R01_1_2
0x00d51e20 // Emma_rescue_four_Demo_RPD_P058_04_R02_2_radio
0x00d542a0 // Emma_radio_rescue_demonstration_RPD_P058_07_R03_3_7
0x00d55e80 // Emma_break_free_radio_RPD_P059_03_R01_1_3
0x00d59160 // Otakon_RPD_P061_01_R01_1_Emma_and_a_radio_demo
0x00d5d0e0 // Emma_and_AI3_1_RPD_P062_03_R01_radio_demo
0x00d67ce0 // Emma_and_radio_RPD_P062_05_R02_AI5_2_Demo
0x00d6c100 // Radio_1_radio_demonstration_Emaraidenrozu_RPD_P064_01_R01_1
0x00d6f170 // Emma_L_1_2_RPD_P065_02_R01_leg_radio_demo
0x00d71250 // Emma_RPD_P065_06_R02_L_2_feet_6_radio_demo
0x00d75f10 // Emma_shot_a_radio_demo_RPD_P067_01_R01_1
0x00d77560 // Exit_2_demo_sniper_RPD_P069_02_R01_1_radio_Vamp
0x00d78eb0 // RPD_P069_04_R02_2_sniper_demo_ends_four_radio_Vamp
0x00d7af60 // 10_Start_demo_radio_RPD_P070_10_R01_AG_1
0x00d7c080 // 18_Start_demo_radio_RPD_P070_18_R02_AG_2
0x00d806f0 // 20_radio_RPD_P070_20_R03_AG_3_Launch_Demo
0x00d844c0 // 23_radio_RPD_P070_23_R04_AG_4_demo_launch
0x00d8d4f0 // RPD_P071_01_R01_1_torture_room_escape_a_radio_demo
0x00d91350 // A_radio_demo_confusion_Oosa_RPD_P072_01_R01_1
0x00d94420 // Radio_free_passage_RPD_P073_01_R01_A1_1
0x00d9a960 // Radio_free_passage_RPD_P073_03_R02_A3_2
0x00d9d300 // RPD_P074_02_R01_after_passage_A_1_2_sword_demo_radio
0x00da0fe0 // Otakon_successful_demonstration_RPD_P075_01_R01_1_radio_1
0x00da37c0 // AI1_1_Oosa_RPD_P076_01_R01_radio_demo
0x00da78b0 // Rose_kidnap_a_radio_demo_RPD_P077_01_R01_1
0x00daa300 // Rose_kidnap_a_radio_demo_RPD_P077_01_R01_shave_1
0x00dacd50 // Radio_free_floating_RPD_P080_19_R01_AG_1_19
0x00dbd190 // 21_emerging_wireless_RPD_P080_21_R02_AG_2_Demo
0x00dccc30 // 23_emerging_wireless_RPD_P080_23_R03_AG_3_Demo
0x00dceb60 // 25_emerging_wireless_RPD_P080_25_R04_AG_4_demo
0x00dd63d0 // CALL_mad_RPC
0x00ddeb80 // Default_RPC_Oosa
0x00e2d680 // Fortune_default_RPC_Oosa_races
0x00e33a10 // Fat_wartime_relief_RPC_CALL
0x00e359d0 // During_the_war_and_after_the_default_RPC_Oosa_Fat
0x00e6e760 // The_default_while_a_sniper_Emma_RPC_Oosa
0x00e75160 // Default_RPC_Oosa_races_Vamp
0x00e77d20 // Harrier_default_RPC_Oosa_races
0x00e7e020 // The_default_while_a_sniper_RPC_w25a_Oosa
0x00eb3b70 // Default_RPC_w11b_Oosa
0x00ee8300 // After_the_madness_default_RPC_Oosa
0x00ef9f10 // Naked_Oosa_default_RPC_Leiden
0x00f0e500 // Leiden_diving_default_RPC_Oosa
0x00f28100 // Leiden_diving_cage_door_open_RPC_w11
0x00f5f350 // Tooru_Hiroshi_cage_door_open_RPC_w11b
0x00f965a0 // Hofukupointo_RPC_diving_Leiden
0x00fcd810 // Tooru_Hiroshi_Hofukupointo_RPC
0x0101c560 // Duct_RPC_diving_Leiden
0x01053740 // Duct_RPC_Tooru_Hiroshi
0x010a2400 // Leiden_RPC_diving_underwater
0x010dbf40 // RPC_w11b_Water
0x01115a80 // Underwater_diving_ladder_RPC_Leiden
0x0114f780 // Water_RPC_w11b
0x011892c0 // Water_RPC_w11b_ladder
0x011c2fc0 // Tooru_Hiroshi_water_RPC
0x012145d0 // Elude_diving_RPC_w11b
0x0124b770 // Tooru_Hiroshi_elude_RPC_w11b
0x01282910 // Tooru_Hiroshi_elude_RPC
0x012d2770 // A_step_upstream_diving_RPC_Leiden
0x01309800 // Tooru_Hiroshi_step_upstream_RPC
0x01359550 // Leiden_dock_diving_submersible_submarine_RPC
0x01391040 // Jim_diving_suit_RPC_Leiden
0x013c8970 // Leiden_dive_locker_RPC_w11_lk001
0x01400540 // Tooru_Hiroshi_RPC_w11_lk001_Locker
0x01450d20 // Leiden_dive_locker_RPC_w11_lk002
0x014888f0 // Tooru_Hiroshi_RPC_w11_lk002_Locker
0x014d90d0 // Leiden_dive_locker_RPC_w11_lk003
0x01510ca0 // Tooru_Hiroshi_RPC_w11_lk003_Locker
0x01561480 // Submersible_watertight_doors_RPC_Leyden
0x01598b30 // Node_RPC_w11_diving_Leiden
0x015d0e30 // Leiden_RPC_w11_lift_dive
0x015eb0b0 // Warning_RPC_w11a_Okkishita_enemy_submarines_CALL_Leiden
0x015ec900 // CALL_foot_wire_mesh_roof_RPC_A_Hofuku
0x015ee7c0 // Wire_mesh_roof_leg_RPC_A_Hofuku
0x0163d980 // RPC_elude_the_abyss
0x0168c850 // OY_a_heliport_RPC_w20b_Mabuchi
0x016db750 // 2_Oi_Mabuchi_RPC_w20b_Heliport
0x0172a650 // RPC_elude_hell_ring_floor
0x017796c0 // Sound_floor_elude_RPC
0x017c8500 // RPC_just_elude
0x01818360 // Sound_floor_RPC
0x01867010 // Common_pitfalls_RPC_1
0x018b5d00 // Common_pitfalls_RPC_2
0x019049f0 // RPC_pitfalls_elude_hell_1
0x01953aa0 // 2_RPC_elude_hell_pit
0x019a2b50 // Elude_RPC_mine_pit
0x019f3d30 // RPC_w11_elude_lift
0x01a42dc0 // Doors_closed_for_the_roof_leg_RPC_w12a_A_key
0x01a91a70 // RPC_Tooru_Hiroshi_sea_lice
0x01ae2c20 // RPC_diving_sea_lice
0x01b1b200 // No_sea_louse_insect_Emma_RPC
0x01b6b0d0 // Common_locker_RPC_1
0x01bba720 // Common_locker_RPC_2
0x01c09d70 // Common_diving_locker_RPC_w11_1
0x01c41970 // Common_diving_locker_RPC_w11_2
0x01c79570 // Common_RPC_w11_locker_Tooru_Hiroshi_1
0x01cb1170 // Common_RPC_w11_locker_Tooru_Hiroshi_2
0x01ce8d70 // Common_board_substations_RPC_1
0x01d37b40 // Common_board_substations_RPC_2
0x01d86910 // Common_open_locker_RPC_1
0x01dd5620 // Common_open_locker_RPC_2
0x01e24330 // Common_RPC_node
0x01e73ca0 // Purisukin_RPC_sleep
0x01ec2a60 // Captain_Corpse_RPC
0x01f11730 // RPC_card_door
0x01f60640 // Cardboard_area_RPC
0x01faf430 // Ten'iwaco_RPC
0x01ffe0e0 // RPC_w18a_door_to_the_Shell_2
0x0204cf30 // RPC_D_leg_hatch
0x0209bcf0 // Leg_Hatch_RPC_D_CALL
0x0209d300 // E_Oosa_RPC_1F_default_leg
0x020ec210 // Harrier_RPC_w20b
0x0213b180 // CALL_Kamome_RPC_'s_murder
0x0213ccf0 // Lift_the_internal_RPC
0x0218c110 // Lift_the_switch_before_RPC_w24a
0x021dbc60 // Before_RPC_w24b_retina_sensor
0x0222afb0 // Cho_the_first_time_I_wanted_RPC_w24b_retinal_sensors_themselves_and_the_Leyden_peek_CALL
0x0222c600 // Before_the_elevator_RPC_w24a_CALL
0x0222ea80 // Emma_seat_near_RPC_w24d
0x0227e150 // RPC_w24d_seats_around_geek
0x022cd080 // Before_the_door_RPC_w24d_AG
0x0231bf20 // CALL_Mike_hostages_in_the_event_description_RPC_w24c
0x0231fb40 // Event_Description_RPC_w24c_hostages_without_a_microphone_CALL
0x023222e0 // Fire_near_RPC
0x023712a0 // Frankly_who_flew_over_the_bridge_to_RPC_DG
0x023c00d0 // If_you_cross_the_bridge_to_RPC_DG_Erudozubari
0x0240f1e0 // RPC_LG_Ladder_Bridges
0x0245dee0 // Leg_circumference_RPC_L_window
0x024ace70 // RPC_L_outer_leg_stick
0x024fbbf0 // RPC_L_outer_leg_squatting
0x0254a890 // Bridges_RPC_KL_K_inlet_leg
0x02599710 // 2_floor_central_building_shell_shock_RPC_1F
0x025e8670 // Dark_Shell_2_1F_RPC_central_building
0x02637420 // Duct_before_the_two_central_building_shell_RPC_1F
0x026866d0 // First_drowned_water_RPC_w31b_CALL
0x02688520 // First_drowned_RPC_w11ab_CALL_water_diving
0x02689d70 // First_drowned_water_Tooru_Hiroshi_RPC_w11ab_CALL
0x0268b5c0 // First_drowned_in_water_RPC_w31b_CALL
0x0268de80 // First_drowned_underwater_diving_RPC_w11a_CALL
0x02690260 // First_drowned_in_water_Tooru_Hiroshi_RPC_w11a_CALL
0x02692640 // Oosa_default_RPC_swim
0x026e3cb0 // Water_near_the_mine_RPC
0x02735490 // Water_tight_doors_not_open_RPC
0x02786c30 // Water_tight_doors_open_RPC
0x027d8440 // Emma_Emma_room_before_rescue_RPC
0x0280b4f0 // Water_RPC_card_door
0x0285cca0 // Emma_Peep_RPC
0x028ae570 // Emma_Peep_RPC_w31c_CALL
0x028b0570 // Emma_and_first_Izumi_RPC_w31c_CALL
0x028b22d0 // Ladder_RPC_w32a_CALL
0x028b34a0 // RPC_E_leg_ladder
0x02902250 // RPC_torture_chamber_door_open
0x02916a30 // Node_near_RPC_w41a
0x0292b210 // Submarine_Dock_advice_of_avoiding_dangerous_mode_RPC_w11a_CALL
0x0292cc50 // Submarine_Dock_reminder_RPC_w11a_CALL
0x0292e460 // CALL_disable_enemy_weapons_RPC_w11a
0x029320a0 // CALL_bloody_RPC_w11a
0x02933fa0 // Submarine_Dock_RPC_w11a_VR
0x0296b4e0 // Clearing_RPC_w11a_CALL
0x0296eb30 // Clearing_RPC_w12b_CALL
0x02972180 // Zero_verge_RPC_LIFE_CALL
0x029733c0 // CALL_diving_simulation_when_getting_RPC
0x02976cd0 // Upon_acquisition_regulation_Tooru_Hiroshi_RPC_CALL
0x0297a5e0 // CALL_RPC_w12b_defeated_enemy
0x0297ccb0 // CALL_RPC_w24c_hit_hostage
0x0297e760 // Bridges_RPC_Oosa_default
0x029ce0c0 // Bridges_Kamome_Oosa_RPC_default
0x02a1e270 // Bridges_RPC_default_Oosa_Cypher
0x02a6e320 // Contact_RPC_BC_damaged_bridge_bridge
0x02abe6c0 // Bridges_RPC_Oosa_Kamome_Gansaifa_default
0x02b0eac0 // RPC_w21a_mine_area
0x02b5f940 // Doors_open_RPC_w28a
0x02bae690 // Return_RPC_Fortune_Game
0x02bb5130 // RPC_men's_toilet_bowl
0x02c04a70 // RPC_women's_toilet_bowl
0x02c54410 // Near_RPC_Kowaremono
0x02ca34c0 // Default_RPC_w18a
0x02cf2390 // Girls_pants_look_RPC_w24c_area
0x02d41460 // CALL_RPC_w25a_suicide_dive
0x02d42730 // Fun_RPC_w22a_infrared_sensor
0x02d92280 // Tooru_Hiroshi_RPC_LV2CALL_grip_chin
0x02d935e0 // RPC_LV2CALL_grip_chin_dive
0x02d94940 // Tooru_Hiroshi_RPC_LV3CALL_grip_chin
0x02d95d70 // RPC_LV3CALL_grip_chin_dive
0x02d971a0 // Tooru_Hiroshi_CALL_rise_RPC_grip_chin
0x02d98800 // Dive_on_in_grip_chin_RPC_CALL
0x02d99e60 // CALL_RPC_w61a_patriotic_sermon
0x02d9e160 // CALL_RPC_available_radar_during_World_War_II_Harrier
0x02d9f610 // Fortune_wartime_relief_RPC_CALL
0x02da1660 // The_RPC_w25d_Shinaota
0x02df03e0 // Entrance_leg_RPC_w25d_K
0x02e3f0d0 // RPC_close_surveillance
0x02e8e280 // RPC_shit
0x02edd300 // Emma_blood_RPC_w20a
0x02f2c310 // Nikita_body_when_getting_RPC_CALL
0x02f2dcf0 // Infrared_RPC_w22a_CALL
0x02f2f640 // CALL_Mike_at_acquisition_RPC
0x02f30bb0 // RPC_w24b_bad_enemy_dying_retinal_sensors_CALL
0x02f321a0 // Sensor_Tips_Retinal_RPC_w24b_CALL
0x02f338a0 // Rolling_leap_RPC_w25c_CALL
0x02f349d0 // Rolling_RPC_w25c_jumping_area
0x02f850b0 // I'm_in_the_elevator_RPC_w11a_enemy_CALL
0x02f86230 // I'm_in_the_elevator_RPC_enemy_CALL
0x02f873b0 // Emma_default_RPE
0x02f98f20 // Otakondeforuto_RPO
0x02fae3f0 // South_opened_the_door_RPO_w44a
0x02fc3ae0 // Tengu_RPO_w44a_passage_door_door
0x02fd92f0 // CALL_RPO_w61a_relief_against_solidus
0x02fdaf00 // Peter_default_RPP
0x02ff58c0 // A_Bomb_Hofuku_leg_tips_RPP_CALL
0x02ff6ef0 // Ten'iwaco_RPP
0x03011dc0 // Music_RPP_w14a_bomb_near_substations
0x0302c9f0 // RPP_w16b_bomb_near_the_ladies_room
0x03047760 // Default_RPR_Rose
0x0307efa0 // Naked_Rose_Leyden_default_RPR
0x030b6840 // Rose_Leyden_default_RPR_diving
0x030ee080 // Purisukin_RPS_night
0x030efa20 // Peter_default_Purisukin_RPS
0x03141800 // Purisukin_RPS_Otakondeforuto
0x031935e0 // Harrier_races_Purisukin_RPS_Otakon
0x0319f970 // Otakondeforuto_Purisukin_RPS_soldier_has_mask_Goruruko
0x031f1750 // Sunekudeforuto_RPS
0x03243530 // RPS_E_leg_ladder
0x03295370 // Peter_RPS_w21a_area_with_land_mines
0x032e71e0 // Otakon_RPS_w21a_area_with_land_mines
0x03339050 // Water_near_the_mine_RPS
0x0338b500 // If_Kon_Nori_RPS_w20a_Beru
0x033dd610 // RPS_women's_toilet
0x0342f850 // Peter_RPS_body
0x03481830 // Pool_near_RPS_w31c
0x034d3670 // Bridges_RPS_default_Cypher
0x035164f0 // After_a_sniper_opened_the_door_RPS_Vamp
0x035683a0 // Emma_blood_RPS_w20a
0x035ba360 // Open_the_door_after_shooting_Vamp_RPS_CALL
0x035bb890 // CALL_RPS_w25a_PSG1_addict
0x035bdf40 // CALL_body_when_getting_RPS_PSG1
0x035bf380 // CALL_body_when_getting_RPS_AK
